------------------------------------------------------------
TimeQuest Timing Analyzer Summary
------------------------------------------------------------

Type  : Slow Model Setup 'processor:proc|ctrlULA[0]'
Slack : -7.680
TNS   : -108.929

Type  : Slow Model Setup 'processor:proc|decDIN'
Slack : -6.348
TNS   : -93.024

Type  : Slow Model Setup 'run'
Slack : -4.600
TNS   : -74.254

Type  : Slow Model Setup 'clock'
Slack : -3.694
TNS   : -598.712

Type  : Slow Model Hold 'run'
Slack : -1.604
TNS   : -1.604

Type  : Slow Model Hold 'processor:proc|ctrlULA[0]'
Slack : -1.422
TNS   : -4.060

Type  : Slow Model Hold 'processor:proc|decDIN'
Slack : 0.080
TNS   : 0.000

Type  : Slow Model Hold 'clock'
Slack : 0.386
TNS   : 0.000

Type  : Slow Model Minimum Pulse Width 'clock'
Slack : -2.000
TNS   : -353.380

Type  : Slow Model Minimum Pulse Width 'run'
Slack : -1.380
TNS   : -1.380

Type  : Slow Model Minimum Pulse Width 'processor:proc|ctrlULA[0]'
Slack : 0.500
TNS   : 0.000

Type  : Slow Model Minimum Pulse Width 'processor:proc|decDIN'
Slack : 0.500
TNS   : 0.000

Type  : Fast Model Setup 'processor:proc|decDIN'
Slack : -3.299
TNS   : -48.940

Type  : Fast Model Setup 'processor:proc|ctrlULA[0]'
Slack : -3.055
TNS   : -42.617

Type  : Fast Model Setup 'run'
Slack : -1.954
TNS   : -31.021

Type  : Fast Model Setup 'clock'
Slack : -1.668
TNS   : -183.923

Type  : Fast Model Hold 'processor:proc|ctrlULA[0]'
Slack : -0.968
TNS   : -6.112

Type  : Fast Model Hold 'run'
Slack : -0.344
TNS   : -0.344

Type  : Fast Model Hold 'clock'
Slack : 0.160
TNS   : 0.000

Type  : Fast Model Hold 'processor:proc|decDIN'
Slack : 0.260
TNS   : 0.000

Type  : Fast Model Minimum Pulse Width 'clock'
Slack : -2.000
TNS   : -353.380

Type  : Fast Model Minimum Pulse Width 'run'
Slack : -1.380
TNS   : -1.380

Type  : Fast Model Minimum Pulse Width 'processor:proc|ctrlULA[0]'
Slack : 0.500
TNS   : 0.000

Type  : Fast Model Minimum Pulse Width 'processor:proc|decDIN'
Slack : 0.500
TNS   : 0.000

------------------------------------------------------------
